project/brandbrain/data/sample_data.csv
date,brand,sales,price,discount_rate,ad_spend,is_promotion,is_holiday,temperature,competitor_price
2024-10-11,BrandX,1428,109.0,0.0,556,0,0,7.6,119.48
2024-10-12,BrandX,1204,109.0,0.0,298,0,0,10.9,101.49
2024-10-13,BrandX,1361,109.0,0.0,435,0,0,12.4,103.02
2024-10-14,BrandX,1410,109.0,0.0,782,0,0,13.2,102.72
2024-10-15,BrandX,1367,109.0,0.0,355,0,0,9.8,115.38
2024-10-16,BrandX,1355,109.0,0.0,594,0,0,15.3,102.17
2024-10-17,BrandX,1383,109.0,0.0,395,0,0,6.2,99.55
2024-10-18,BrandX,1366,109.0,0.0,664,0,0,11.1,119.87
2024-10-19,BrandX,1244,109.0,0.0,279,0,0,7.6,98.64
2024-10-20,BrandX,1355,109.0,0.0,782,0,0,10.7,116.31
2024-10-21,BrandX,1467,109.0,0.0,472,0,0,9.5,106.06
2024-10-22,BrandX,1303,109.0,0.0,342,0,0,11.6,116.45
2024-10-23,BrandX,1313,109.0,0.0,244,0,0,10.4,110.19
2024-10-24,BrandX,1255,109.0,0.0,302,0,0,9.1,117.76
2024-10-25,BrandX,1344,109.0,0.0,512,0,0,9.3,118.29
2024-10-26,BrandX,1222,109.0,0.0,402,0,0,14.7,98.3
2024-10-27,BrandX,1210,109.0,0.0,697,0,0,11.8,99.74
2024-10-28,BrandX,1252,109.0,0.0,459,0,0,7.6,103.56
2024-10-29,BrandX,1337,109.0,0.0,349,0,0,12.2,112.69
2024-10-30,BrandX,1356,109.0,0.0,570,0,0,10.8,117.46
2024-10-31,BrandX,1342,109.0,0.0,624,0,0,11.3,108.13
2024-11-01,BrandX,1234,109.0,0.0,300,0,0,13.0,111.33
2024-11-02,BrandX,1124,109.0,0.0,301,0,0,13.8,102.21
2024-11-03,BrandX,1146,109.0,0.0,222,0,0,9.8,115.65
2024-11-04,BrandX,1399,109.0,0.0,642,0,0,11.5,119.19
2024-11-05,BrandX,1231,109.0,0.0,598,0,0,10.6,103.96
2024-11-06,BrandX,1405,109.0,0.0,485,0,0,13.0,108.89
2024-11-07,BrandX,1464,109.0,0.0,707,0,0,11.4,99.98
2024-11-08,BrandX,1235,109.0,0.0,683,0,0,12.0,110.29
2024-11-09,BrandX,1287,109.0,0.0,551,0,0,11.6,109.06
2024-11-10,BrandX,1334,109.0,0.0,721,0,0,12.0,101.25
2024-11-11,BrandX,2330,87.2,0.2,809,1,1,15.7,86.19
2024-11-12,BrandX,1162,109.0,0.0,267,0,0,17.2,105.38
2024-11-13,BrandX,1327,109.0,0.0,362,0,0,13.3,109.48
2024-11-14,BrandX,1211,109.0,0.0,234,0,0,12.4,110.87
2024-11-15,BrandX,1341,109.0,0.0,519,0,0,9.6,98.29
2024-11-16,BrandX,1402,109.0,0.0,762,0,0,11.4,114.69
2024-11-17,BrandX,1120,109.0,0.0,224,0,0,12.8,113.64
2024-11-18,BrandX,1173,109.0,0.0,273,0,0,11.7,106.09
2024-11-19,BrandX,1265,109.0,0.0,471,0,0,12.0,99.25
2024-11-20,BrandX,1322,109.0,0.0,760,0,0,16.5,114.56
2024-11-21,BrandX,1282,109.0,0.0,390,0,0,13.6,118.92
2024-11-22,BrandX,1240,109.0,0.0,504,0,0,13.9,103.34
2024-11-23,BrandX,1065,109.0,0.0,225,0,0,12.4,105.15
2024-11-24,BrandX,1033,109.0,0.0,289,0,0,16.3,102.11
2024-11-25,BrandX,1361,109.0,0.0,792,0,0,13.6,110.68
2024-11-26,BrandX,1374,109.0,0.0,779,0,0,13.2,101.48
2024-11-27,BrandX,1028,109.0,0.0,203,0,0,11.2,105.87
2024-11-28,BrandX,1373,109.0,0.0,771,0,0,14.4,113.29
2024-11-29,BrandX,1297,109.0,0.0,583,0,0,13.5,110.31
2024-11-30,BrandX,1184,109.0,0.0,721,0,0,18.1,106.52
2024-12-01,BrandX,1275,109.0,0.0,473,0,0,18.6,107.26
2024-12-02,BrandX,1330,109.0,0.0,509,0,0,12.6,110.35
2024-12-03,BrandX,1201,109.0,0.0,493,0,0,13.0,98.23
2024-12-04,BrandX,1348,109.0,0.0,600,0,0,14.8,99.81
2024-12-05,BrandX,1276,109.0,0.0,284,0,0,13.9,117.31
2024-12-06,BrandX,1188,109.0,0.0,218,0,0,16.1,99.8
2024-12-07,BrandX,1140,109.0,0.0,385,0,0,15.2,113.51
2024-12-08,BrandX,1209,109.0,0.0,623,0,0,16.5,118.16
2024-12-09,BrandX,1082,109.0,0.0,321,0,0,18.2,104.0
2024-12-10,BrandX,1280,109.0,0.0,604,0,0,14.2,106.18
2024-12-11,BrandX,1329,109.0,0.0,782,0,0,18.5,110.5
2024-12-12,BrandX,1271,109.0,0.0,256,0,0,15.2,117.32
2024-12-13,BrandX,1308,109.0,0.0,604,0,0,21.1,118.63
2024-12-14,BrandX,1118,109.0,0.0,466,0,0,20.2,114.22
2024-12-15,BrandX,1206,109.0,0.0,721,0,0,16.9,99.99
2024-12-16,BrandX,1258,109.0,0.0,306,0,0,15.4,112.69
2024-12-17,BrandX,1277,109.0,0.0,616,0,0,15.1,107.04
2024-12-18,BrandX,1272,109.0,0.0,703,0,0,19.4,108.36
2024-12-19,BrandX,1316,109.0,0.0,767,0,0,17.7,99.17
2024-12-20,BrandX,1341,109.0,0.0,610,0,0,19.8,102.27
2024-12-21,BrandX,1171,109.0,0.0,498,0,0,22.5,115.33
2024-12-22,BrandX,1165,109.0,0.0,571,0,0,16.7,108.0
2024-12-23,BrandX,1329,109.0,0.0,721,0,0,16.0,104.68
2024-12-24,BrandX,1230,109.0,0.0,542,0,0,19.0,106.47
2024-12-25,BrandX,1154,109.0,0.0,218,0,0,21.1,116.73
2024-12-26,BrandX,1288,109.0,0.0,759,0,0,17.1,114.43
2024-12-27,BrandX,1266,109.0,0.0,614,0,0,19.2,104.04
2024-12-28,BrandX,1252,109.0,0.0,606,0,0,22.1,100.66
2024-12-29,BrandX,1024,109.0,0.0,329,0,0,16.2,103.59
2024-12-30,BrandX,1237,109.0,0.0,595,0,0,20.1,118.17
2024-12-31,BrandX,1156,109.0,0.0,436,0,0,18.7,110.78
